<!DOCTYPE html>
<html lang="en">

<head>
    <meta charset="UTF-8">
    <meta name="viewport" content="width=device-width, initial-scale=1.0">
    <meta http-equiv="X-UA-Compatible" content="ie=edge">
    <meta name="author" content="Code Union #maripbekoff">
    <meta name="describe" content="#maripbekoff">
    <title>Golden | Welcome!</title>
    <link rel="stylesheet" href="./styles/style.css">
</head>

<body>
    <header>
        <div class="container">
            <div class="wrapper clearfix">
                <img src="./img/logo.png" alt="golden logo" class="logo">
                <nav>
                    <ul class="menu">
                        <li><a href="index.html">home</a></li>
                        <li><a href="#services">services</a></li>
                        <li><a href="#works">portfolio</a></li>
                        <li><a href="#about">about</a></li>
                        <li><a href="#contact">contact</a></li>
                    </ul>
                </nav>
            </div>
            <div class="heading">
                <div class="heading_first">
                    Welcome to our site!
                </div>
                <h1>It's nice to meet you</h1>
            </div>
            <a class="button" href="https://vk.com/chingizsck" target="_blank">tell me more</a>
        </div>
    </header>
    <section id="services">
        <div class="container">
            <div class="title">
                <h2>services</h2>
                <p>Lorem ipsum dolor sit, amet consectetur adipisicing.</p>
            </div>
            <div class="grid">
                <div class="commerce inner">
                    <img src="./img/icon1.png" alt="icon1">
                    <h3>E-commerce</h3>
                    <p>Lorem ipsum dolor sit, amet consectetur adipisicing elit. Soluta unde, corrupti ut aperiam
                        consequatur distinctio alias ex provident impedit, praesentium beatae architecto at ratione
                        possimus mollitia blanditiis voluptate maxime nesciunt.</p>
                </div>
                <div class="web inner">
                    <img src="./img/icon2.png" alt="icon2">
                    <h3>Responsive Web</h3>
                    <p>Lorem ipsum, dolor sit amet consectetur adipisicing elit. Magnam illo quia accusamus quibusdam
                        architecto cumque iure doloribus dolor recusandae quas dicta deleniti, perspiciatis porro hic
                        harum id? Minus, dicta recusandae.</p>
                </div>
                <div class="security inner">
                    <img src="./img/icon3.png" alt="icon3">
                    <h3>Web Security</h3>
                    <p>Lorem ipsum dolor sit amet, consectetur adipisicing elit. Quam, consequatur? Ducimus ipsa
                        repellat, error ipsum temporibus adipisci, laudantium quam sed earum placeat distinctio aperiam
                        consequatur ad molestias architecto, vel eaque?</p>
                </div>
            </div>
        </div>
    </section>
    <section id="works">
        <div class="container">
            <div class="title">
                <h2>our portfolio</h2>
                <p>Lorem ipsum dolor sit amet consectetur adipisicing.</p>
            </div>
            <div class="grid">
                <div class="img1">
                    <img src="./img/img1.jpg" alt="img">
                </div>
                <div class="img2">
                    <img src="./img/img2.jpg" alt="img">
                </div>
                <div class="img3">
                    <img src="./img/img3.jpg" alt="img">
                </div>
            </div>
        </div>
    </section>
    <section id="about">
        <div class="container">
            <div class="title">
                <h2>about us</h2>
                <p>Lorem ipsum dolor sit amet consectetur adipisicing.</p>
            </div>
            <div class="about">
                <div class="beginning">
                    <h3>july 2010<br>Our Humble Beginnings</h3>
                    <p>
                        Lorem, ipsum dolor sit amet consectetur adipisicing elit. Nesciunt at dolor quia sequi molestias
                        iusto recusandae dicta. Itaque est dolorum vitae, inventore vel ad obcaecati. Placeat cupiditate
                        corporis dolores obcaecati!
                    </p>
                </div>
                <div class="img_begin">
                    <img src="./img/about1.jpg" alt="">
                </div>
                <div class="cls"></div>
                <div class="cls"></div>
                <div class="img_startup">
                    <img src="./img/about2.jpg" alt="">
                </div>
                <div class="startup">
                    <h3>january 2011<br>Facing Startup Battles</h3>
                    <p>
                        Lorem ipsum dolor sit amet consectetur adipisicing elit. Doloremque ab animi voluptatibus
                        veritatis beatae illum eligendi ea molestiae vel architecto dolorum repudiandae, dolorem earum
                        debitis est, soluta quidem, nobis possimus.
                    </p>
                </div>
                <div class="dark_days">
                    <h3>December 2012<br>Enter the Dark Days</h3>
                    <p>
                        Lorem ipsum dolor sit amet consectetur adipisicing elit. Tempora, cupiditate dolor. Atque
                        dolorem
                        voluptates facilis natus fugiat unde doloremque, laudantium voluptas veritatis repellat ipsam
                        sapiente, asperiores corrupti quibusdam ea enim.
                    </p>
                </div>
                <div class="img_darkd">
                    <img src="./img/about3.jpg" alt="">
                </div>
                <div class="cls"></div>
                <div class="cls"></div>
                <div class="img_triumph">
                    <img src="./img/about4.jpg" alt="">
                </div>
                <div class="triumph">
                    <h3>February 2014<br>Our Triumph</h3>
                    <p>
                        Lorem ipsum dolor, sit amet consectetur adipisicing elit. Beatae, eaque amet harum distinctio
                        illum cupiditate rerum temporibus. Maiores vero provident, ad excepturi odio sequi, nisi
                        deserunt quidem natus voluptatum velit?
                    </p>
                </div>
            </div>
        </div>
    </section>
    <footer id="contact">
        <div class="container">
            <p>&copy;Copyright 2019 Code Union</p>
        </div>
    </footer>
</body>

</html>